// Jest Snapshot v1, https://goo.gl/fbAQLP

exports[`Testing <HooksApp /> should render correctly 1`] = `
<div>
  <h1>
    Hola mundo!
  </h1>
</div>
`;
